Archive member included to satisfy reference by file (symbol)

E:/CubeIDE/STM32CubeIDE_1.14.0/STM32CubeIDE/plugins/com.st.stm32cube.ide.mcu.externaltools.gnu-tools-for-stm32.11.3.rel1.win32_1.1.100.202309141235/tools/bin/../lib/gcc/arm-none-eabi/11.3.1/../../../../arm-none-eabi/lib/thumb/v7e-m+fp/hard\libc_nano.a(libc_a-exit.o)
                              E:/CubeIDE/STM32CubeIDE_1.14.0/STM32CubeIDE/plugins/com.st.stm32cube.ide.mcu.externaltools.gnu-tools-for-stm32.11.3.rel1.win32_1.1.100.202309141235/tools/bin/../lib/gcc/arm-none-eabi/11.3.1/../../../../arm-none-eabi/lib/thumb/v7e-m+fp/hard/crt0.o (exit)
E:/CubeIDE/STM32CubeIDE_1.14.0/STM32CubeIDE/plugins/com.st.stm32cube.ide.mcu.externaltools.gnu-tools-for-stm32.11.3.rel1.win32_1.1.100.202309141235/tools/bin/../lib/gcc/arm-none-eabi/11.3.1/../../../../arm-none-eabi/lib/thumb/v7e-m+fp/hard\libc_nano.a(libc_a-findfp.o)
                              E:/CubeIDE/STM32CubeIDE_1.14.0/STM32CubeIDE/plugins/com.st.stm32cube.ide.mcu.externaltools.gnu-tools-for-stm32.11.3.rel1.win32_1.1.100.202309141235/tools/bin/../lib/gcc/arm-none-eabi/11.3.1/../../../../arm-none-eabi/lib/thumb/v7e-m+fp/hard\libc_nano.a(libc_a-exit.o) (__stdio_exit_handler)
E:/CubeIDE/STM32CubeIDE_1.14.0/STM32CubeIDE/plugins/com.st.stm32cube.ide.mcu.externaltools.gnu-tools-for-stm32.11.3.rel1.win32_1.1.100.202309141235/tools/bin/../lib/gcc/arm-none-eabi/11.3.1/../../../../arm-none-eabi/lib/thumb/v7e-m+fp/hard\libc_nano.a(libc_a-fwalk.o)
                              E:/CubeIDE/STM32CubeIDE_1.14.0/STM32CubeIDE/plugins/com.st.stm32cube.ide.mcu.externaltools.gnu-tools-for-stm32.11.3.rel1.win32_1.1.100.202309141235/tools/bin/../lib/gcc/arm-none-eabi/11.3.1/../../../../arm-none-eabi/lib/thumb/v7e-m+fp/hard\libc_nano.a(libc_a-findfp.o) (_fwalk_sglue)
E:/CubeIDE/STM32CubeIDE_1.14.0/STM32CubeIDE/plugins/com.st.stm32cube.ide.mcu.externaltools.gnu-tools-for-stm32.11.3.rel1.win32_1.1.100.202309141235/tools/bin/../lib/gcc/arm-none-eabi/11.3.1/../../../../arm-none-eabi/lib/thumb/v7e-m+fp/hard\libc_nano.a(libc_a-stdio.o)
                              E:/CubeIDE/STM32CubeIDE_1.14.0/STM32CubeIDE/plugins/com.st.stm32cube.ide.mcu.externaltools.gnu-tools-for-stm32.11.3.rel1.win32_1.1.100.202309141235/tools/bin/../lib/gcc/arm-none-eabi/11.3.1/../../../../arm-none-eabi/lib/thumb/v7e-m+fp/hard\libc_nano.a(libc_a-findfp.o) (__sread)
E:/CubeIDE/STM32CubeIDE_1.14.0/STM32CubeIDE/plugins/com.st.stm32cube.ide.mcu.externaltools.gnu-tools-for-stm32.11.3.rel1.win32_1.1.100.202309141235/tools/bin/../lib/gcc/arm-none-eabi/11.3.1/../../../../arm-none-eabi/lib/thumb/v7e-m+fp/hard\libc_nano.a(libc_a-memset.o)
                              E:/CubeIDE/STM32CubeIDE_1.14.0/STM32CubeIDE/plugins/com.st.stm32cube.ide.mcu.externaltools.gnu-tools-for-stm32.11.3.rel1.win32_1.1.100.202309141235/tools/bin/../lib/gcc/arm-none-eabi/11.3.1/../../../../arm-none-eabi/lib/thumb/v7e-m+fp/hard/crt0.o (memset)
E:/CubeIDE/STM32CubeIDE_1.14.0/STM32CubeIDE/plugins/com.st.stm32cube.ide.mcu.externaltools.gnu-tools-for-stm32.11.3.rel1.win32_1.1.100.202309141235/tools/bin/../lib/gcc/arm-none-eabi/11.3.1/../../../../arm-none-eabi/lib/thumb/v7e-m+fp/hard\libc_nano.a(libc_a-closer.o)
                              E:/CubeIDE/STM32CubeIDE_1.14.0/STM32CubeIDE/plugins/com.st.stm32cube.ide.mcu.externaltools.gnu-tools-for-stm32.11.3.rel1.win32_1.1.100.202309141235/tools/bin/../lib/gcc/arm-none-eabi/11.3.1/../../../../arm-none-eabi/lib/thumb/v7e-m+fp/hard\libc_nano.a(libc_a-stdio.o) (_close_r)
E:/CubeIDE/STM32CubeIDE_1.14.0/STM32CubeIDE/plugins/com.st.stm32cube.ide.mcu.externaltools.gnu-tools-for-stm32.11.3.rel1.win32_1.1.100.202309141235/tools/bin/../lib/gcc/arm-none-eabi/11.3.1/../../../../arm-none-eabi/lib/thumb/v7e-m+fp/hard\libc_nano.a(libc_a-reent.o)
                              E:/CubeIDE/STM32CubeIDE_1.14.0/STM32CubeIDE/plugins/com.st.stm32cube.ide.mcu.externaltools.gnu-tools-for-stm32.11.3.rel1.win32_1.1.100.202309141235/tools/bin/../lib/gcc/arm-none-eabi/11.3.1/../../../../arm-none-eabi/lib/thumb/v7e-m+fp/hard\libc_nano.a(libc_a-closer.o) (errno)
E:/CubeIDE/STM32CubeIDE_1.14.0/STM32CubeIDE/plugins/com.st.stm32cube.ide.mcu.externaltools.gnu-tools-for-stm32.11.3.rel1.win32_1.1.100.202309141235/tools/bin/../lib/gcc/arm-none-eabi/11.3.1/../../../../arm-none-eabi/lib/thumb/v7e-m+fp/hard\libc_nano.a(libc_a-impure.o)
                              E:/CubeIDE/STM32CubeIDE_1.14.0/STM32CubeIDE/plugins/com.st.stm32cube.ide.mcu.externaltools.gnu-tools-for-stm32.11.3.rel1.win32_1.1.100.202309141235/tools/bin/../lib/gcc/arm-none-eabi/11.3.1/../../../../arm-none-eabi/lib/thumb/v7e-m+fp/hard\libc_nano.a(libc_a-reent.o) (_impure_ptr)
E:/CubeIDE/STM32CubeIDE_1.14.0/STM32CubeIDE/plugins/com.st.stm32cube.ide.mcu.externaltools.gnu-tools-for-stm32.11.3.rel1.win32_1.1.100.202309141235/tools/bin/../lib/gcc/arm-none-eabi/11.3.1/../../../../arm-none-eabi/lib/thumb/v7e-m+fp/hard\libc_nano.a(libc_a-lseekr.o)
[...]
Memory Configuration

Name             Origin             Length             Attributes
CCMRAM           0x0000000010000000 0x0000000000010000 xrw
RAM              0x0000000020000000 0x0000000000020000 xrw
FLASH            0x0000000008000000 0x00000000000c0000 xr
*default*        0x0000000000000000 0xffffffffffffffff

Linker script and memory map

LOAD E:/CubeIDE/STM32CubeIDE_1.14.0/STM32CubeIDE/plugins/com.st.stm32cube.ide.mcu.externaltools.gnu-tools-for-stm32.11.3.rel1.win32_1.1.100.202309141235/tools/bin/../lib/gcc/arm-none-eabi/11.3.1/thumb/v7e-m+fp/hard/crti.o
LOAD E:/CubeIDE/STM32CubeIDE_1.14.0/STM32CubeIDE/plugins/com.st.stm32cube.ide.mcu.externaltools.gnu-tools-for-stm32.11.3.rel1.win32_1.1.100.202309141235/tools/bin/../lib/gcc/arm-none-eabi/11.3.1/thumb/v7e-m+fp/hard/crtbegin.o
LOAD E:/CubeIDE/STM32CubeIDE_1.14.0/STM32CubeIDE/plugins/com.st.stm32cube.ide.mcu.externaltools.gnu-tools-for-stm32.11.3.rel1.win32_1.1.100.202309141235/tools/bin/../lib/gcc/arm-none-eabi/11.3.1/../../../../arm-none-eabi/lib/thumb/v7e-m+fp/hard/crt0.o
LOAD ./Core/Src/main.o
LOAD ./Core/Src/stm32f4xx_hal_msp.o
LOAD ./Core/Src/stm32f4xx_it.o
LOAD ./Core/Src/syscalls.o
LOAD ./Core/Src/sysmem.o
LOAD ./Core/Src/system_stm32f4xx.o
LOAD ./Core/Startup/startup_stm32f407vgtx.o
LOAD ./Drivers/STM32F4xx_HAL_Driver/Src/stm32f4xx_hal.o
LOAD ./Drivers/STM32F4xx_HAL_Driver/Src/stm32f4xx_hal_cortex.o
LOAD ./Drivers/STM32F4xx_HAL_Driver/Src/stm32f4xx_hal_dma.o
LOAD ./Drivers/STM32F4xx_HAL_Driver/Src/stm32f4xx_hal_dma_ex.o
LOAD ./Drivers/STM32F4xx_HAL_Driver/Src/stm32f4xx_hal_exti.o
LOAD ./Drivers/STM32F4xx_HAL_Driver/Src/stm32f4xx_hal_flash.o
LOAD ./Drivers/STM32F4xx_HAL_Driver/Src/stm32f4xx_hal_flash_ex.o
LOAD ./Drivers/STM32F4xx_HAL_Driver/Src/stm32f4xx_hal_flash_ramfunc.o
LOAD ./Drivers/STM32F4xx_HAL_Driver/Src/stm32f4xx_hal_gpio.o
LOAD ./Drivers/STM32F4xx_HAL_Driver/Src/stm32f4xx_hal_pwr.o
LOAD ./Drivers/STM32F4xx_HAL_Driver/Src/stm32f4xx_hal_pwr_ex.o
LOAD ./Drivers/STM32F4xx_HAL_Driver/Src/stm32f4xx_hal_rcc.o
LOAD ./Drivers/STM32F4xx_HAL_Driver/Src/stm32f4xx_hal_rcc_ex.o
LOAD ./Drivers/STM32F4xx_HAL_Driver/Src/stm32f4xx_hal_tim.o
LOAD ./Drivers/STM32F4xx_HAL_Driver/Src/stm32f4xx_hal_tim_ex.o
LOAD ./FATFS/App/fatfs.o
LOAD ./FATFS/Target/user_diskio.o
LOAD ./Middlewares/Third_Party/FatFs/src/diskio.o
LOAD ./Middlewares/Third_Party/FatFs/src/ff.o
LOAD ./Middlewares/Third_Party/FatFs/src/ff_gen_drv.o
LOAD ./Middlewares/Third_Party/FatFs/src/option/syscall.o
START GROUP
LOAD E:/CubeIDE/STM32CubeIDE_1.14.0/STM32CubeIDE/plugins/com.st.stm32cube.ide.mcu.externaltools.gnu-tools-for-stm32.11.3.rel1.win32_1.1.100.202309141235/tools/bin/../lib/gcc/arm-none-eabi/11.3.1/../../../../arm-none-eabi/lib/thumb/v7e-m+fp/hard\libc_nano.a
LOAD E:/CubeIDE/STM32CubeIDE_1.14.0/STM32CubeIDE/plugins/com.st.stm32cube.ide.mcu.externaltools.gnu-tools-for-stm32.11.3.rel1.win32_1.1.100.202309141235/tools/bin/../lib/gcc/arm-none-eabi/11.3.1/../../../../arm-none-eabi/lib/thumb/v7e-m+fp/hard\libm.a
END GROUP
START GROUP
LOAD E:/CubeIDE/STM32CubeIDE_1.14.0/STM32CubeIDE/plugins/com.st.stm32cube.ide.mcu.externaltools.gnu-tools-for-stm32.11.3.rel1.win32_1.1.100.202309141235/tools/bin/../lib/gcc/arm-none-eabi/11.3.1/thumb/v7e-m+fp/hard\libgcc.a
LOAD E:/CubeIDE/STM32CubeIDE_1.14.0/STM32CubeIDE/plugins/com.st.stm32cube.ide.mcu.externaltools.gnu-tools-for-stm32.11.3.rel1.win32_1.1.100.202309141235/tools/bin/../lib/gcc/arm-none-eabi/11.3.1/../../../../arm-none-eabi/lib/thumb/v7e-m+fp/hard\libc_nano.a
END GROUP
START GROUP
LOAD E:/CubeIDE/STM32CubeIDE_1.14.0/STM32CubeIDE/plugins/com.st.stm32cube.ide.mcu.externaltools.gnu-tools-for-stm32.11.3.rel1.win32_1.1.100.202309141235/tools/bin/../lib/gcc/arm-none-eabi/11.3.1/thumb/v7e-m+fp/hard\libgcc.a
LOAD E:/CubeIDE/STM32CubeIDE_1.14.0/STM32CubeIDE/plugins/com.st.stm32cube.ide.mcu.externaltools.gnu-tools-for-stm32.11.3.rel1.win32_1.1.100.202309141235/tools/bin/../lib/gcc/arm-none-eabi/11.3.1/../../../../arm-none-eabi/lib/thumb/v7e-m+fp/hard\libc_nano.a
LOAD E:/CubeIDE/STM32CubeIDE_1.14.0/STM32CubeIDE/plugins/com.st.stm32cube.ide.mcu.externaltools.gnu-tools-for-stm32.11.3.rel1.win32_1.1.100.202309141235/tools/bin/../lib/gcc/arm-none-eabi/11.3.1/../../../../arm-none-eabi/lib/thumb/v7e-m+fp/hard\libnosys.a
END GROUP
START GROUP
LOAD E:/CubeIDE/STM32CubeIDE_1.14.0/STM32CubeIDE/plugins/com.st.stm32cube.ide.mcu.externaltools.gnu-tools-for-stm32.11.3.rel1.win32_1.1.100.202309141235/tools/bin/../lib/gcc/arm-none-eabi/11.3.1/thumb/v7e-m+fp/hard\libgcc.a
LOAD E:/CubeIDE/STM32CubeIDE_1.14.0/STM32CubeIDE/plugins/com.st.stm32cube.ide.mcu.externaltools.gnu-tools-for-stm32.11.3.rel1.win32_1.1.100.202309141235/tools/bin/../lib/gcc/arm-none-eabi/11.3.1/../../../../arm-none-eabi/lib/thumb/v7e-m+fp/hard\libc_nano.a
LOAD E:/CubeIDE/STM32CubeIDE_1.14.0/STM32CubeIDE/plugins/com.st.stm32cube.ide.mcu.externaltools.gnu-tools-for-stm32.11.3.rel1.win32_1.1.100.202309141235/tools/bin/../lib/gcc/arm-none-eabi/11.3.1/../../../../arm-none-eabi/lib/thumb/v7e-m+fp/hard\libnosys.a
END GROUP
LOAD E:/CubeIDE/STM32CubeIDE_1.14.0/STM32CubeIDE/plugins/com.st.stm32cube.ide.mcu.externaltools.gnu-tools-for-stm32.11.3.rel1.win32_1.1.100.202309141235/tools/bin/../lib/gcc/arm-none-eabi/11.3.1/thumb/v7e-m+fp/hard/crtend.o
LOAD E:/CubeIDE/STM32CubeIDE_1.14.0/STM32CubeIDE/plugins/com.st.stm32cube.ide.mcu.externaltools.gnu-tools-for-stm32.11.3.rel1.win32_1.1.100.202309141235/tools/bin/../lib/gcc/arm-none-eabi/11.3.1/thumb/v7e-m+fp/hard/crtn.o
                0x0000000020020000                _estack = (ORIGIN (RAM) + LENGTH (RAM))
                0x0000000000000200                _Min_Heap_Size = 0x200
                0x0000000000000400                _Min_Stack_Size = 0x400

.isr_vector     0x0000000008000000      0x188
                0x0000000008000000                . = ALIGN (0x4)
 *(.isr_vector)
 .isr_vector    0x0000000008000000      0x188 ./Core/Startup/startup_stm32f407vgtx.o
                0x0000000008000000                g_pfnVectors
                0x0000000008000188                . = ALIGN (0x4)

.text           0x0000000008000188     0x5c94
                0x0000000008000188                . = ALIGN (0x4)
 *(.text)
 .text          0x0000000008000188       0x40 E:/CubeIDE/STM32CubeIDE_1.14.0/STM32CubeIDE/plugins/com.st.stm32cube.ide.mcu.externaltools.gnu-tools-for-stm32.11.3.rel1.win32_1.1.100.202309141235/tools/bin/../lib/gcc/arm-none-eabi/11.3.1/thumb/v7e-m+fp/hard/crtbegin.o
 .text          0x00000000080001c8       0x10 E:/CubeIDE/STM32CubeIDE_1.14.0/STM32CubeIDE/plugins/com.st.stm32cube.ide.mcu.externaltools.gnu-tools-for-stm32.11.3.rel1.win32_1.1.100.202309141235/tools/bin/../lib/gcc/arm-none-eabi/11.3.1/../../../../arm-none-eabi/lib/thumb/v7e-m+fp/hard\libc_nano.a(libc_a-strlen.o)
                0x00000000080001c8                strlen
 .text          0x00000000080001d8       0x30 E:/CubeIDE/STM32CubeIDE_1.14.0/STM32CubeIDE/plugins/com.st.stm32cube.ide.mcu.externaltools.gnu-tools-for-stm32.11.3.rel1.win32_1.1.100.202309141235/tools/bin/../lib/gcc/arm-none-eabi/11.3.1/thumb/v7e-m+fp/hard\libgcc.a(_aeabi_uldivmod.o)
                0x00000000080001d8                __aeabi_uldivmod
 .text          0x0000000008000208      0x2c8 E:/CubeIDE/STM32CubeIDE_1.14.0/STM32CubeIDE/plugins/com.st.stm32cube.ide.mcu.externaltools.gnu-tools-for-stm32.11.3.rel1.win32_1.1.100.202309141235/tools/bin/../lib/gcc/arm-none-eabi/11.3.1/thumb/v7e-m+fp/hard\libgcc.a(_udivmoddi4.o)
                0x0000000008000208                __udivmoddi4
 .text          0x00000000080004d0        0x4 E:/CubeIDE/STM32CubeIDE_1.14.0/STM32CubeIDE/plugins/com.st.stm32cube.ide.mcu.externaltools.gnu-tools-for-stm32.11.3.rel1.win32_1.1.100.202309141235/tools/bin/../lib/gcc/arm-none-eabi/11.3.1/thumb/v7e-m+fp/hard\libgcc.a(_dvmd_tls.o)
                0x00000000080004d0                __aeabi_idiv0
                0x00000000080004d0                __aeabi_ldiv0
 *(.text*)
 .text.main     0x00000000080004d4      0x10c ./Core/Src/main.o
                0x00000000080004d4                main
 .text.SystemClock_Config
                0x00000000080005e0       0xd4 ./Core/Src/main.o
                0x00000000080005e0                SystemClock_Config
 .text.MX_GPIO_Init
                0x00000000080006b4      0x2bc ./Core/Src/main.o
 .text.Error_Handler
                0x0000000008000970        0xa ./Core/Src/main.o
                0x0000000008000970                Error_Handler
 *fill*         0x000000000800097a        0x2 
 .text.HAL_MspInit
                0x000000000800097c       0x50 ./Core/Src/stm32f4xx_hal_msp.o
                0x000000000800097c                HAL_MspInit
 .text.NMI_Handler
                0x00000000080009cc        0x6 ./Core/Src/stm32f4xx_it.o
                0x00000000080009cc                NMI_Handler
 .text.HardFault_Handler
                0x00000000080009d2        0x6 ./Core/Src/stm32f4xx_it.o
                0x00000000080009d2                HardFault_Handler
 .text.MemManage_Handler
                0x00000000080009d8        0x6 ./Core/Src/stm32f4xx_it.o
                0x00000000080009d8                MemManage_Handler
 .text.BusFault_Handler
                0x00000000080009de        0x6 ./Core/Src/stm32f4xx_it.o
                0x00000000080009de                BusFault_Handler
 .text.UsageFault_Handler
                0x00000000080009e4        0x6 ./Core/Src/stm32f4xx_it.o
                0x00000000080009e4                UsageFault_Handler
 .text.SVC_Handler
                0x00000000080009ea        0xe ./Core/Src/stm32f4xx_it.o
                0x00000000080009ea                SVC_Handler
 .text.DebugMon_Handler
                0x00000000080009f8        0xe ./Core/Src/stm32f4xx_it.o
                0x00000000080009f8                DebugMon_Handler
 .text.PendSV_Handler
                0x0000000008000a06        0xe ./Core/Src/stm32f4xx_it.o
                0x0000000008000a06                PendSV_Handler
 .text.SysTick_Handler
                0x0000000008000a14        0xc ./Core/Src/stm32f4xx_it.o
                0x0000000008000a14                SysTick_Handler
 .text.SystemInit
                0x0000000008000a20       0x24 ./Core/Src/system_stm32f4xx.o
                0x0000000008000a20                SystemInit
 .text.Reset_Handler
                0x0000000008000a44       0x50 ./Core/Startup/startup_stm32f407vgtx.o
                0x0000000008000a44                Reset_Handler
 .text.Default_Handler
                0x0000000008000a94        0x2 ./Core/Startup/startup_stm32f407vgtx.o
                0x0000000008000a94                RTC_Alarm_IRQHandler
                0x0000000008000a94                HASH_RNG_IRQHandler
                0x0000000008000a94                EXTI2_IRQHandler
                0x0000000008000a94                TIM8_CC_IRQHandler
                0x0000000008000a94                TIM1_CC_IRQHandler
                0x0000000008000a94                DMA2_Stream5_IRQHandler
                0x0000000008000a94                DMA1_Stream5_IRQHandler
                0x0000000008000a94                PVD_IRQHandler
                0x0000000008000a94                SDIO_IRQHandler
                0x0000000008000a94                TAMP_STAMP_IRQHandler
                0x0000000008000a94                CAN2_RX1_IRQHandler
                0x0000000008000a94                EXTI3_IRQHandler
                0x0000000008000a94                TIM8_TRG_COM_TIM14_IRQHandler
                0x0000000008000a94                TIM1_UP_TIM10_IRQHandler
                0x0000000008000a94                TIM8_UP_TIM13_IRQHandler
                0x0000000008000a94                I2C3_ER_IRQHandler
                0x0000000008000a94                EXTI0_IRQHandler
                0x0000000008000a94                I2C2_EV_IRQHandler
                0x0000000008000a94                DMA1_Stream2_IRQHandler
                0x0000000008000a94                CAN1_RX0_IRQHandler
                0x0000000008000a94                FPU_IRQHandler
                0x0000000008000a94                OTG_HS_WKUP_IRQHandler
                0x0000000008000a94                CAN2_SCE_IRQHandler
                0x0000000008000a94                DMA2_Stream2_IRQHandler
                0x0000000008000a94                SPI1_IRQHandler
                0x0000000008000a94                TIM6_DAC_IRQHandler
                0x0000000008000a94                TIM1_BRK_TIM9_IRQHandler
                0x0000000008000a94                DCMI_IRQHandler
                0x0000000008000a94                CAN2_RX0_IRQHandler
                0x0000000008000a94                DMA2_Stream3_IRQHandler
                0x0000000008000a94                USART6_IRQHandler
                0x0000000008000a94                USART3_IRQHandler
                0x0000000008000a94                CAN1_RX1_IRQHandler
                0x0000000008000a94                UART5_IRQHandler
                0x0000000008000a94                DMA2_Stream0_IRQHandler
                0x0000000008000a94                TIM4_IRQHandler
                0x0000000008000a94                I2C1_EV_IRQHandler
                0x0000000008000a94                DMA1_Stream6_IRQHandler
                0x0000000008000a94                DMA1_Stream1_IRQHandler
                0x0000000008000a94                UART4_IRQHandler
                0x0000000008000a94                TIM3_IRQHandler
                0x0000000008000a94                RCC_IRQHandler
                0x0000000008000a94                TIM8_BRK_TIM12_IRQHandler
                0x0000000008000a94                Default_Handler
                0x0000000008000a94                EXTI15_10_IRQHandler
                0x0000000008000a94                ADC_IRQHandler
                0x0000000008000a94                DMA1_Stream7_IRQHandler
                0x0000000008000a94                TIM7_IRQHandler
                0x0000000008000a94                CAN2_TX_IRQHandler
                0x0000000008000a94                TIM5_IRQHandler
                0x0000000008000a94                DMA2_Stream7_IRQHandler
                0x0000000008000a94                I2C3_EV_IRQHandler
                0x0000000008000a94                EXTI9_5_IRQHandler
                0x0000000008000a94                RTC_WKUP_IRQHandler
                0x0000000008000a94                ETH_WKUP_IRQHandler
                0x0000000008000a94                SPI2_IRQHandler
                0x0000000008000a94                OTG_HS_EP1_IN_IRQHandler
                0x0000000008000a94                DMA1_Stream0_IRQHandler
                0x0000000008000a94                CAN1_TX_IRQHandler
                0x0000000008000a94                EXTI4_IRQHandler
                0x0000000008000a94                FSMC_IRQHandler
                0x0000000008000a94                ETH_IRQHandler
                0x0000000008000a94                OTG_HS_EP1_OUT_IRQHandler
                0x0000000008000a94                WWDG_IRQHandler
                0x0000000008000a94                TIM2_IRQHandler
                0x0000000008000a94                OTG_FS_WKUP_IRQHandler
                0x0000000008000a94                TIM1_TRG_COM_TIM11_IRQHandler
                0x0000000008000a94                OTG_HS_IRQHandler
                0x0000000008000a94                EXTI1_IRQHandler
                0x0000000008000a94                USART2_IRQHandler
                0x0000000008000a94                I2C2_ER_IRQHandler
                0x0000000008000a94                DMA2_Stream1_IRQHandler
                0x0000000008000a94                CAN1_SCE_IRQHandler
                0x0000000008000a94                FLASH_IRQHandler
                0x0000000008000a94                DMA2_Stream4_IRQHandler
                0x0000000008000a94                USART1_IRQHandler
                0x0000000008000a94                OTG_FS_IRQHandler
                0x0000000008000a94                SPI3_IRQHandler
                0x0000000008000a94                DMA1_Stream4_IRQHandler
                0x0000000008000a94                I2C1_ER_IRQHandler
                0x0000000008000a94                DMA2_Stream6_IRQHandler
                0x0000000008000a94                DMA1_Stream3_IRQHandler
 *fill*         0x0000000008000a96        0x2 
 .text.HAL_Init
                0x0000000008000a98       0x44 ./Drivers/STM32F4xx_HAL_Driver/Src/stm32f4xx_hal.o
                0x0000000008000a98                HAL_Init
 .text.HAL_InitTick
                0x0000000008000adc       0x60 ./Drivers/STM32F4xx_HAL_Driver/Src/stm32f4xx_hal.o
                0x0000000008000adc                HAL_InitTick
 .text.HAL_IncTick
                0x0000000008000b3c       0x28 ./Drivers/STM32F4xx_HAL_Driver/Src/stm32f4xx_hal.o
                0x0000000008000b3c                HAL_IncTick
 .text.HAL_GetTick
                0x0000000008000b64       0x18 ./Drivers/STM32F4xx_HAL_Driver/Src/stm32f4xx_hal.o
                0x0000000008000b64                HAL_GetTick
 .text.__NVIC_SetPriorityGrouping
                0x0000000008000b7c       0x48 ./Drivers/STM32F4xx_HAL_Driver/Src/stm32f4xx_hal_cortex.o
 .text.__NVIC_GetPriorityGrouping
                0x0000000008000bc4       0x1c ./Drivers/STM32F4xx_HAL_Driver/Src/stm32f4xx_hal_cortex.o
 .text.__NVIC_SetPriority
                0x0000000008000be0       0x54 ./Drivers/STM32F4xx_HAL_Driver/Src/stm32f4xx_hal_cortex.o
 .text.NVIC_EncodePriority
                0x0000000008000c34       0x66 ./Drivers/STM32F4xx_HAL_Driver/Src/stm32f4xx_hal_cortex.o
 *fill*         0x0000000008000c9a        0x2 
 .text.SysTick_Config
                0x0000000008000c9c       0x44 ./Drivers/STM32F4xx_HAL_Driver/Src/stm32f4xx_hal_cortex.o
 .text.HAL_NVIC_SetPriorityGrouping
                0x0000000008000ce0       0x16 ./Drivers/STM32F4xx_HAL_Driver/Src/stm32f4xx_hal_cortex.o
                0x0000000008000ce0                HAL_NVIC_SetPriorityGrouping
 .text.HAL_NVIC_SetPriority
                0x0000000008000cf6       0x38 ./Drivers/STM32F4xx_HAL_Driver/Src/stm32f4xx_hal_cortex.o
                0x0000000008000cf6                HAL_NVIC_SetPriority
 .text.HAL_SYSTICK_Config
                0x0000000008000d2e       0x18 ./Drivers/STM32F4xx_HAL_Driver/Src/stm32f4xx_hal_cortex.o
                0x0000000008000d2e                HAL_SYSTICK_Config
 *fill*         0x0000000008000d46        0x2 
 .text.HAL_FLASH_Program
                0x0000000008000d48       0xa8 ./Drivers/STM32F4xx_HAL_Driver/Src/stm32f4xx_hal_flash.o
                0x0000000008000d48                HAL_FLASH_Program
 .text.HAL_FLASH_Unlock
                0x0000000008000df0       0x44 ./Drivers/STM32F4xx_HAL_Driver/Src/stm32f4xx_hal_flash.o
                0x0000000008000df0                HAL_FLASH_Unlock
 .text.HAL_FLASH_Lock
                0x0000000008000e34       0x20 ./Drivers/STM32F4xx_HAL_Driver/Src/stm32f4xx_hal_flash.o
                0x0000000008000e34                HAL_FLASH_Lock
 .text.FLASH_WaitForLastOperation
                0x0000000008000e54       0x80 ./Drivers/STM32F4xx_HAL_Driver/Src/stm32f4xx_hal_flash.o
                0x0000000008000e54                FLASH_WaitForLastOperation
 .text.FLASH_Program_DoubleWord
                0x0000000008000ed4       0x64 ./Drivers/STM32F4xx_HAL_Driver/Src/stm32f4xx_hal_flash.o
 .text.FLASH_Program_Word
                0x0000000008000f38       0x44 ./Drivers/STM32F4xx_HAL_Driver/Src/stm32f4xx_hal_flash.o
 .text.FLASH_Program_HalfWord
                0x0000000008000f7c       0x48 ./Drivers/STM32F4xx_HAL_Driver/Src/stm32f4xx_hal_flash.o
 .text.FLASH_Program_Byte
                0x0000000008000fc4       0x44 ./Drivers/STM32F4xx_HAL_Driver/Src/stm32f4xx_hal_flash.o
 .text.FLASH_SetErrorCode
                0x0000000008001008       0xac ./Drivers/STM32F4xx_HAL_Driver/Src/stm32f4xx_hal_flash.o
 .text.HAL_FLASHEx_Erase
                0x00000000080010b4       0xe0 ./Drivers/STM32F4xx_HAL_Driver/Src/stm32f4xx_hal_flash_ex.o
                0x00000000080010b4                HAL_FLASHEx_Erase
 .text.FLASH_MassErase
                0x0000000008001194       0x48 ./Drivers/STM32F4xx_HAL_Driver/Src/stm32f4xx_hal_flash_ex.o
 .text.FLASH_Erase_Sector
                0x00000000080011dc       0x90 ./Drivers/STM32F4xx_HAL_Driver/Src/stm32f4xx_hal_flash_ex.o
                0x00000000080011dc                FLASH_Erase_Sector
 .text.FLASH_FlushCaches
                0x000000000800126c       0x8c ./Drivers/STM32F4xx_HAL_Driver/Src/stm32f4xx_hal_flash_ex.o
                0x000000000800126c                FLASH_FlushCaches
 .text.HAL_GPIO_Init
                0x00000000080012f8      0x338 ./Drivers/STM32F4xx_HAL_Driver/Src/stm32f4xx_hal_gpio.o
                0x00000000080012f8                HAL_GPIO_Init
 .text.HAL_GPIO_WritePin
                0x0000000008001630       0x32 ./Drivers/STM32F4xx_HAL_Driver/Src/stm32f4xx_hal_gpio.o
                0x0000000008001630                HAL_GPIO_WritePin
 *fill*         0x0000000008001662        0x2 
 .text.HAL_RCC_OscConfig
                0x0000000008001664      0x4f0 ./Drivers/STM32F4xx_HAL_Driver/Src/stm32f4xx_hal_rcc.o
                0x0000000008001664                HAL_RCC_OscConfig
 .text.HAL_RCC_ClockConfig
                0x0000000008001b54      0x1cc ./Drivers/STM32F4xx_HAL_Driver/Src/stm32f4xx_hal_rcc.o
                0x0000000008001b54                HAL_RCC_ClockConfig
 .text.HAL_RCC_GetSysClockFreq
                0x0000000008001d20      0x20c ./Drivers/STM32F4xx_HAL_Driver/Src/stm32f4xx_hal_rcc.o
                0x0000000008001d20                HAL_RCC_GetSysClockFreq
 .text.MX_FATFS_Init
                0x0000000008001f2c       0x64 ./FATFS/App/fatfs.o
                0x0000000008001f2c                MX_FATFS_Init
 .text.get_fattime
                0x0000000008001f90       0x10 ./FATFS/App/fatfs.o
                0x0000000008001f90                get_fattime
 .text.Fat_Write
                0x0000000008001fa0       0x34 ./FATFS/App/fatfs.o
                0x0000000008001fa0                Fat_Write
 .text.Fat_Write_Init
                0x0000000008001fd4       0x6c ./FATFS/App/fatfs.o
                0x0000000008001fd4                Fat_Write_Init
 .text.Fat_Read
                0x0000000008002040       0x58 ./FATFS/App/fatfs.o
                0x0000000008002040                Fat_Read
 .text.Flash_Read_Init
                0x0000000008002098      0x158 ./FATFS/App/fatfs.o
                0x0000000008002098                Flash_Read_Init
 .text.Validate_Record
                0x00000000080021f0       0x74 ./FATFS/App/fatfs.o
                0x00000000080021f0                Validate_Record
 .text.Verify_Sector
                0x0000000008002264      0x150 ./FATFS/App/fatfs.o
                0x0000000008002264                Verify_Sector
 .text.Write_Seqnum
                0x00000000080023b4       0xa0 ./FATFS/App/fatfs.o
                0x00000000080023b4                Write_Seqnum
 .text.Flash_Write
                0x0000000008002454      0x130 ./FATFS/App/fatfs.o
                0x0000000008002454                Flash_Write
 .text.Flash_Write_Sector10
                0x0000000008002584      0x1bc ./FATFS/App/fatfs.o
                0x0000000008002584                Flash_Write_Sector10
 .text.Flash_Write_Sector11
                0x0000000008002740      0x1bc ./FATFS/App/fatfs.o
                0x0000000008002740                Flash_Write_Sector11
 .text.USER_initialize
                0x00000000080028fc       0x28 ./FATFS/Target/user_diskio.o
                0x00000000080028fc                USER_initialize
 .text.USER_status
                0x0000000008002924       0x28 ./FATFS/Target/user_diskio.o
                0x0000000008002924                USER_status
 .text.USER_read
                0x000000000800294c       0x32 ./FATFS/Target/user_diskio.o
                0x000000000800294c                USER_read
 .text.USER_write
                0x000000000800297e       0x32 ./FATFS/Target/user_diskio.o
                0x000000000800297e                USER_write
 .text.USER_ioctl
                0x00000000080029b0       0x78 ./FATFS/Target/user_diskio.o
                0x00000000080029b0                USER_ioctl
 .text.disk_status
                0x0000000008002a28       0x34 ./Middlewares/Third_Party/FatFs/src/diskio.o
                0x0000000008002a28                disk_status
 .text.disk_initialize
                0x0000000008002a5c       0x50 ./Middlewares/Third_Party/FatFs/src/diskio.o
                0x0000000008002a5c                disk_initialize
 .text.disk_read
                0x0000000008002aac       0x40 ./Middlewares/Third_Party/FatFs/src/diskio.o
                0x0000000008002aac                disk_read
 .text.disk_write
                0x0000000008002aec       0x40 ./Middlewares/Third_Party/FatFs/src/diskio.o
                0x0000000008002aec                disk_write
 .text.disk_ioctl
                0x0000000008002b2c       0x3c ./Middlewares/Third_Party/FatFs/src/diskio.o
                0x0000000008002b2c                disk_ioctl
 .text.ld_word  0x0000000008002b68       0x30 ./Middlewares/Third_Party/FatFs/src/ff.o
 .text.ld_dword
                0x0000000008002b98       0x46 ./Middlewares/Third_Party/FatFs/src/ff.o
 .text.st_word  0x0000000008002bde       0x36 ./Middlewares/Third_Party/FatFs/src/ff.o
 .text.st_dword
                0x0000000008002c14       0x58 ./Middlewares/Third_Party/FatFs/src/ff.o
 .text.mem_cpy  0x0000000008002c6c       0x42 ./Middlewares/Third_Party/FatFs/src/ff.o
 .text.mem_set  0x0000000008002cae       0x36 ./Middlewares/Third_Party/FatFs/src/ff.o
 .text.mem_cmp  0x0000000008002ce4       0x4e ./Middlewares/Third_Party/FatFs/src/ff.o
 .text.chk_chr  0x0000000008002d32       0x36 ./Middlewares/Third_Party/FatFs/src/ff.o
 .text.chk_lock
                0x0000000008002d68       0xb8 ./Middlewares/Third_Party/FatFs/src/ff.o
 .text.enq_lock
                0x0000000008002e20       0x44 ./Middlewares/Third_Party/FatFs/src/ff.o
 .text.inc_lock
                0x0000000008002e64      0x11c ./Middlewares/Third_Party/FatFs/src/ff.o
 .text.dec_lock
                0x0000000008002f80       0x78 ./Middlewares/Third_Party/FatFs/src/ff.o
 .text.clear_lock
                0x0000000008002ff8       0x48 ./Middlewares/Third_Party/FatFs/src/ff.o
 .text.sync_window
                0x0000000008003040       0x88 ./Middlewares/Third_Party/FatFs/src/ff.o
 .text.move_window
                0x00000000080030c8       0x5a ./Middlewares/Third_Party/FatFs/src/ff.o
 *fill*         0x0000000008003122        0x2 
 .text.sync_fs  0x0000000008003124       0xdc ./Middlewares/Third_Party/FatFs/src/ff.o
 .text.clust2sect
                0x0000000008003200       0x3e ./Middlewares/Third_Party/FatFs/src/ff.o
 .text.get_fat  0x000000000800323e      0x150 ./Middlewares/Third_Party/FatFs/src/ff.o
 .text.put_fat  0x000000000800338e      0x1d4 ./Middlewares/Third_Party/FatFs/src/ff.o
 .text.remove_chain
                0x0000000008003562       0xca ./Middlewares/Third_Party/FatFs/src/ff.o
 .text.create_chain
                0x000000000800362c      0x130 ./Middlewares/Third_Party/FatFs/src/ff.o
 .text.clmt_clust
                0x000000000800375c       0x68 ./Middlewares/Third_Party/FatFs/src/ff.o
 .text.dir_sdi  0x00000000080037c4       0xf6 ./Middlewares/Third_Party/FatFs/src/ff.o
 .text.dir_next
                0x00000000080038ba      0x18a ./Middlewares/Third_Party/FatFs/src/ff.o
 .text.dir_alloc
                0x0000000008003a44       0x8e ./Middlewares/Third_Party/FatFs/src/ff.o
 .text.ld_clust
                0x0000000008003ad2       0x3e ./Middlewares/Third_Party/FatFs/src/ff.o
 .text.st_clust
                0x0000000008003b10       0x40 ./Middlewares/Third_Party/FatFs/src/ff.o
 .text.dir_read
                0x0000000008003b50       0xba ./Middlewares/Third_Party/FatFs/src/ff.o
 .text.dir_find
                0x0000000008003c0a       0xaa ./Middlewares/Third_Party/FatFs/src/ff.o
 .text.dir_register
                0x0000000008003cb4       0x64 ./Middlewares/Third_Party/FatFs/src/ff.o
 .text.get_fileinfo
                0x0000000008003d18       0xbe ./Middlewares/Third_Party/FatFs/src/ff.o
 *fill*         0x0000000008003dd6        0x2 
 .text.create_name
                0x0000000008003dd8      0x128 ./Middlewares/Third_Party/FatFs/src/ff.o
 .text.follow_path
                0x0000000008003f00       0xe2 ./Middlewares/Third_Party/FatFs/src/ff.o
 .text.get_ldnumber
                0x0000000008003fe2       0x88 ./Middlewares/Third_Party/FatFs/src/ff.o
 *fill*         0x000000000800406a        0x2 
 .text.check_fs
                0x000000000800406c       0xac ./Middlewares/Third_Party/FatFs/src/ff.o
 .text.find_volume
                0x0000000008004118      0x498 ./Middlewares/Third_Party/FatFs/src/ff.o
 .text.validate
                0x00000000080045b0       0x6a ./Middlewares/Third_Party/FatFs/src/ff.o
 *fill*         0x000000000800461a        0x2 
 .text.f_mount  0x000000000800461c       0x8c ./Middlewares/Third_Party/FatFs/src/ff.o
                0x000000000800461c                f_mount
 .text.f_open   0x00000000080046a8      0x37c ./Middlewares/Third_Party/FatFs/src/ff.o
                0x00000000080046a8                f_open
 .text.f_read   0x0000000008004a24      0x27e ./Middlewares/Third_Party/FatFs/src/ff.o
                0x0000000008004a24                f_read
 .text.f_write  0x0000000008004ca2      0x2ea ./Middlewares/Third_Party/FatFs/src/ff.o
                0x0000000008004ca2                f_write
 .text.f_sync   0x0000000008004f8c       0xfc ./Middlewares/Third_Party/FatFs/src/ff.o
                0x0000000008004f8c                f_sync
 .text.f_close  0x0000000008005088       0x54 ./Middlewares/Third_Party/FatFs/src/ff.o
                0x0000000008005088                f_close
 .text.f_opendir
                0x00000000080050dc       0xe6 ./Middlewares/Third_Party/FatFs/src/ff.o
                0x00000000080050dc                f_opendir
 .text.f_closedir
                0x00000000080051c2       0x4c ./Middlewares/Third_Party/FatFs/src/ff.o
                0x00000000080051c2                f_closedir
 .text.f_readdir
                0x000000000800520e       0x7a ./Middlewares/Third_Party/FatFs/src/ff.o
                0x000000000800520e                f_readdir
 .text.f_getfree
                0x0000000008005288      0x16a ./Middlewares/Third_Party/FatFs/src/ff.o
                0x0000000008005288                f_getfree
 *fill*         0x00000000080053f2        0x2 
 .text.f_mkfs   0x00000000080053f4      0x858 ./Middlewares/Third_Party/FatFs/src/ff.o
                0x00000000080053f4                f_mkfs
 .text.FATFS_LinkDriverEx
                0x0000000008005c4c       0x98 ./Middlewares/Third_Party/FatFs/src/ff_gen_drv.o
                0x0000000008005c4c                FATFS_LinkDriverEx
 .text.FATFS_LinkDriver
                0x0000000008005ce4       0x1e ./Middlewares/Third_Party/FatFs/src/ff_gen_drv.o
                0x0000000008005ce4                FATFS_LinkDriver
 *fill*         0x0000000008005d02        0x2 
 .text.FATFS_UnLinkDriverEx
                0x0000000008005d04       0x70 ./Middlewares/Third_Party/FatFs/src/ff_gen_drv.o
                0x0000000008005d04                FATFS_UnLinkDriverEx
 .text.FATFS_UnLinkDriver
                0x0000000008005d74       0x1a ./Middlewares/Third_Party/FatFs/src/ff_gen_drv.o
                0x0000000008005d74                FATFS_UnLinkDriver
 .text.memset   0x0000000008005d8e       0x10 E:/CubeIDE/STM32CubeIDE_1.14.0/STM32CubeIDE/plugins/com.st.stm32cube.ide.mcu.externaltools.gnu-tools-for-stm32.11.3.rel1.win32_1.1.100.202309141235/tools/bin/../lib/gcc/arm-none-eabi/11.3.1/../../../../arm-none-eabi/lib/thumb/v7e-m+fp/hard\libc_nano.a(libc_a-memset.o)
                0x0000000008005d8e                memset
 *fill*         0x0000000008005d9e        0x2 
 .text.__libc_init_array
                0x0000000008005da0       0x48 E:/CubeIDE/STM32CubeIDE_1.14.0/STM32CubeIDE/plugins/com.st.stm32cube.ide.mcu.externaltools.gnu-tools-for-stm32.11.3.rel1.win32_1.1.100.202309141235/tools/bin/../lib/gcc/arm-none-eabi/11.3.1/../../../../arm-none-eabi/lib/thumb/v7e-m+fp/hard\libc_nano.a(libc_a-init.o)
                0x0000000008005da0                __libc_init_array
 .text.memcpy   0x0000000008005de8       0x1c E:/CubeIDE/STM32CubeIDE_1.14.0/STM32CubeIDE/plugins/com.st.stm32cube.ide.mcu.externaltools.gnu-tools-for-stm32.11.3.rel1.win32_1.1.100.202309141235/tools/bin/../lib/gcc/arm-none-eabi/11.3.1/../../../../arm-none-eabi/lib/thumb/v7e-m+fp/hard\libc_nano.a(libc_a-memcpy-stub.o)
                0x0000000008005de8                memcpy
 *(.glue_7)
 .glue_7        0x0000000008005e04        0x0 linker stubs
 *(.glue_7t)
 .glue_7t       0x0000000008005e04        0x0 linker stubs
 *(.eh_frame)
 .eh_frame      0x0000000008005e04        0x0 E:/CubeIDE/STM32CubeIDE_1.14.0/STM32CubeIDE/plugins/com.st.stm32cube.ide.mcu.externaltools.gnu-tools-for-stm32.11.3.rel1.win32_1.1.100.202309141235/tools/bin/../lib/gcc/arm-none-eabi/11.3.1/thumb/v7e-m+fp/hard/crtbegin.o
 *(.init)
 .init          0x0000000008005e04        0x4 E:/CubeIDE/STM32CubeIDE_1.14.0/STM32CubeIDE/plugins/com.st.stm32cube.ide.mcu.externaltools.gnu-tools-for-stm32.11.3.rel1.win32_1.1.100.202309141235/tools/bin/../lib/gcc/arm-none-eabi/11.3.1/thumb/v7e-m+fp/hard/crti.o
                0x0000000008005e04                _init
 .init          0x0000000008005e08        0x8 E:/CubeIDE/STM32CubeIDE_1.14.0/STM32CubeIDE/plugins/com.st.stm32cube.ide.mcu.externaltools.gnu-tools-for-stm32.11.3.rel1.win32_1.1.100.202309141235/tools/bin/../lib/gcc/arm-none-eabi/11.3.1/thumb/v7e-m+fp/hard/crtn.o
 *(.fini)
 .fini          0x0000000008005e10        0x4 E:/CubeIDE/STM32CubeIDE_1.14.0/STM32CubeIDE/plugins/com.st.stm32cube.ide.mcu.externaltools.gnu-tools-for-stm32.11.3.rel1.win32_1.1.100.202309141235/tools/bin/../lib/gcc/arm-none-eabi/11.3.1/thumb/v7e-m+fp/hard/crti.o
                0x0000000008005e10                _fini
 .fini          0x0000000008005e14        0x8 E:/CubeIDE/STM32CubeIDE_1.14.0/STM32CubeIDE/plugins/com.st.stm32cube.ide.mcu.externaltools.gnu-tools-for-stm32.11.3.rel1.win32_1.1.100.202309141235/tools/bin/../lib/gcc/arm-none-eabi/11.3.1/thumb/v7e-m+fp/hard/crtn.o
                0x0000000008005e1c                . = ALIGN (0x4)
                0x0000000008005e1c                _etext = .

.vfp11_veneer   0x0000000008005e1c        0x0
 .vfp11_veneer  0x0000000008005e1c        0x0 linker stubs

.v4_bx          0x0000000008005e1c        0x0
 .v4_bx         0x0000000008005e1c        0x0 linker stubs

.iplt           0x0000000008005e1c        0x0
 .iplt          0x0000000008005e1c        0x0 E:/CubeIDE/STM32CubeIDE_1.14.0/STM32CubeIDE/plugins/com.st.stm32cube.ide.mcu.externaltools.gnu-tools-for-stm32.11.3.rel1.win32_1.1.100.202309141235/tools/bin/../lib/gcc/arm-none-eabi/11.3.1/thumb/v7e-m+fp/hard/crtbegin.o

.rodata         0x0000000008005e1c      0x15c
                0x0000000008005e1c                . = ALIGN (0x4)
 *(.rodata)
 .rodata        0x0000000008005e1c       0x5e ./Core/Src/main.o
 *fill*         0x0000000008005e7a        0x2 
 .rodata        0x0000000008005e7c        0x5 ./FATFS/App/fatfs.o
 *fill*         0x0000000008005e81        0x3 
 .rodata        0x0000000008005e84       0x44 ./Middlewares/Third_Party/FatFs/src/ff.o
 *(.rodata*)
 .rodata.AHBPrescTable
                0x0000000008005ec8       0x10 ./Core/Src/system_stm32f4xx.o
                0x0000000008005ec8                AHBPrescTable
 .rodata.ExCvt  0x0000000008005ed8       0x80 ./Middlewares/Third_Party/FatFs/src/ff.o
 .rodata.cst32.1
                0x0000000008005f58        0xe ./Middlewares/Third_Party/FatFs/src/ff.o
 *fill*         0x0000000008005f66        0x2 
 .rodata.cst.0  0x0000000008005f68        0xe ./Middlewares/Third_Party/FatFs/src/ff.o
                0x0000000008005f78                . = ALIGN (0x4)
 *fill*         0x0000000008005f76        0x2 

.ARM.extab      0x0000000008005f78        0x0
                0x0000000008005f78                . = ALIGN (0x4)
 *(.ARM.extab* .gnu.linkonce.armextab.*)
                0x0000000008005f78                . = ALIGN (0x4)

.ARM            0x0000000008005f78        0x8
                0x0000000008005f78                . = ALIGN (0x4)
                0x0000000008005f78                __exidx_start = .
 *(.ARM.exidx*)
 .ARM.exidx     0x0000000008005f78        0x8 E:/CubeIDE/STM32CubeIDE_1.14.0/STM32CubeIDE/plugins/com.st.stm32cube.ide.mcu.externaltools.gnu-tools-for-stm32.11.3.rel1.win32_1.1.100.202309141235/tools/bin/../lib/gcc/arm-none-eabi/11.3.1/thumb/v7e-m+fp/hard\libgcc.a(_udivmoddi4.o)
                0x0000000008005f80                __exidx_end = .
                0x0000000008005f80                . = ALIGN (0x4)

.rel.dyn        0x0000000008005f80        0x0
 .rel.iplt      0x0000000008005f80        0x0 E:/CubeIDE/STM32CubeIDE_1.14.0/STM32CubeIDE/plugins/com.st.stm32cube.ide.mcu.externaltools.gnu-tools-for-stm32.11.3.rel1.win32_1.1.100.202309141235/tools/bin/../lib/gcc/arm-none-eabi/11.3.1/thumb/v7e-m+fp/hard/crtbegin.o

.preinit_array  0x0000000008005f80        0x0
                0x0000000008005f80                . = ALIGN (0x4)
                0x0000000008005f80                PROVIDE (__preinit_array_start = .)
 *(.preinit_array*)
                0x0000000008005f80                PROVIDE (__preinit_array_end = .)
                0x0000000008005f80                . = ALIGN (0x4)

.init_array     0x0000000008005f80        0x4
                0x0000000008005f80                . = ALIGN (0x4)
                0x0000000008005f80                PROVIDE (__init_array_start = .)
 *(SORT_BY_NAME(.init_array.*))
 *(.init_array*)
 .init_array    0x0000000008005f80        0x4 E:/CubeIDE/STM32CubeIDE_1.14.0/STM32CubeIDE/plugins/com.st.stm32cube.ide.mcu.externaltools.gnu-tools-for-stm32.11.3.rel1.win32_1.1.100.202309141235/tools/bin/../lib/gcc/arm-none-eabi/11.3.1/thumb/v7e-m+fp/hard/crtbegin.o
                0x0000000008005f84                PROVIDE (__init_array_end = .)
                0x0000000008005f84                . = ALIGN (0x4)

.fini_array     0x0000000008005f84        0x4
                0x0000000008005f84                . = ALIGN (0x4)
                [!provide]                        PROVIDE (__fini_array_start = .)
 *(SORT_BY_NAME(.fini_array.*))
 *(.fini_array*)
 .fini_array    0x0000000008005f84        0x4 E:/CubeIDE/STM32CubeIDE_1.14.0/STM32CubeIDE/plugins/com.st.stm32cube.ide.mcu.externaltools.gnu-tools-for-stm32.11.3.rel1.win32_1.1.100.202309141235/tools/bin/../lib/gcc/arm-none-eabi/11.3.1/thumb/v7e-m+fp/hard/crtbegin.o
                [!provide]                        PROVIDE (__fini_array_end = .)
                0x0000000008005f88                . = ALIGN (0x4)
                0x0000000008005f88                _sidata = LOADADDR (.data)

.data           0x0000000020000000       0x28 load address 0x0000000008005f88
                0x0000000020000000                . = ALIGN (0x4)
                0x0000000020000000                _sdata = .
 *(.data)
 *(.data*)
 .data.SystemCoreClock
                0x0000000020000000        0x4 ./Core/Src/system_stm32f4xx.o
                0x0000000020000000                SystemCoreClock
 .data.uwTickPrio
                0x0000000020000004        0x4 ./Drivers/STM32F4xx_HAL_Driver/Src/stm32f4xx_hal.o
                0x0000000020000004                uwTickPrio
 .data.uwTickFreq
                0x0000000020000008        0x1 ./Drivers/STM32F4xx_HAL_Driver/Src/stm32f4xx_hal.o
                0x0000000020000008                uwTickFreq
 *fill*         0x0000000020000009        0x3 
 .data.fat_ptr  0x000000002000000c        0x4 ./FATFS/App/fatfs.o
                0x000000002000000c                fat_ptr
 .data.Stat     0x0000000020000010        0x1 ./FATFS/Target/user_diskio.o
 *fill*         0x0000000020000011        0x3 
 .data.USER_Driver
                0x0000000020000014       0x14 ./FATFS/Target/user_diskio.o
                0x0000000020000014                USER_Driver
 *(.RamFunc)
 *(.RamFunc*)
                0x0000000020000028                . = ALIGN (0x4)
                0x0000000020000028                _edata = .
                0x0000000008005fb0                _siccmram = LOADADDR (.ccmram)

.igot.plt       0x0000000020000028        0x0 load address 0x0000000008005fb0
 .igot.plt      0x0000000020000028        0x0 E:/CubeIDE/STM32CubeIDE_1.14.0/STM32CubeIDE/plugins/com.st.stm32cube.ide.mcu.externaltools.gnu-tools-for-stm32.11.3.rel1.win32_1.1.100.202309141235/tools/bin/../lib/gcc/arm-none-eabi/11.3.1/thumb/v7e-m+fp/hard/crtbegin.o

.ccmram         0x0000000010000000        0x0 load address 0x0000000008005fb0
                0x0000000010000000                . = ALIGN (0x4)
                0x0000000010000000                _sccmram = .
 *(.ccmram)
 *(.ccmram*)
                0x0000000010000000                . = ALIGN (0x4)
                0x0000000010000000                _eccmram = .
                0x0000000010000000                . = ALIGN (0x4)

.bss            0x0000000020000028      0x4dc
                0x0000000020000028                _sbss = .
                0x0000000020000028                __bss_start__ = _sbss
 *(.bss)
 .bss           0x0000000020000028       0x1c E:/CubeIDE/STM32CubeIDE_1.14.0/STM32CubeIDE/plugins/com.st.stm32cube.ide.mcu.externaltools.gnu-tools-for-stm32.11.3.rel1.win32_1.1.100.202309141235/tools/bin/../lib/gcc/arm-none-eabi/11.3.1/thumb/v7e-m+fp/hard/crtbegin.o
 *(.bss*)
 .bss.uwTick    0x0000000020000044        0x4 ./Drivers/STM32F4xx_HAL_Driver/Src/stm32f4xx_hal.o
                0x0000000020000044                uwTick
 .bss.pFlash    0x0000000020000048       0x20 ./Drivers/STM32F4xx_HAL_Driver/Src/stm32f4xx_hal_flash.o
                0x0000000020000048                pFlash
 .bss.retUSER   0x0000000020000068        0x1 ./FATFS/App/fatfs.o
                0x0000000020000068                retUSER
 *fill*         0x0000000020000069        0x3 
 .bss.USERPath  0x000000002000006c        0x4 ./FATFS/App/fatfs.o
                0x000000002000006c                USERPath
 .bss.USERFatFS
                0x0000000020000070      0x230 ./FATFS/App/fatfs.o
                0x0000000020000070                USERFatFS
 .bss.USERFile  0x00000000200002a0      0x230 ./FATFS/App/fatfs.o
                0x00000000200002a0                USERFile
 .bss.FatFs     0x00000000200004d0        0x4 ./Middlewares/Third_Party/FatFs/src/ff.o
 .bss.Fsid      0x00000000200004d4        0x2 ./Middlewares/Third_Party/FatFs/src/ff.o
 *fill*         0x00000000200004d6        0x2 
 .bss.Files     0x00000000200004d8       0x20 ./Middlewares/Third_Party/FatFs/src/ff.o
 .bss.disk      0x00000000200004f8        0xc ./Middlewares/Third_Party/FatFs/src/ff_gen_drv.o
                0x00000000200004f8                disk
 *(COMMON)
                0x0000000020000504                . = ALIGN (0x4)
                0x0000000020000504                _ebss = .
                0x0000000020000504                __bss_end__ = _ebss

._user_heap_stack
                0x0000000020000504      0x604
                0x0000000020000508                . = ALIGN (0x8)
 *fill*         0x0000000020000504        0x4 
                [!provide]                        PROVIDE (end = .)
                0x0000000020000508                PROVIDE (_end = .)
                0x0000000020000708                . = (. + _Min_Heap_Size)
 *fill*         0x0000000020000508      0x200 
                0x0000000020000b08                . = (. + _Min_Stack_Size)
 *fill*         0x0000000020000708      0x400 
                0x0000000020000b08                . = ALIGN (0x8)

/DISCARD/
 libc.a(*)
 libm.a(*)
 libgcc.a(*)

.ARM.attributes
                0x0000000000000000       0x30
 *(.ARM.attributes)
 .ARM.attributes
                0x0000000000000000       0x1e E:/CubeIDE/STM32CubeIDE_1.14.0/STM32CubeIDE/plugins/com.st.stm32cube.ide.mcu.externaltools.gnu-tools-for-stm32.11.3.rel1.win32_1.1.100.202309141235/tools/bin/../lib/gcc/arm-none-eabi/11.3.1/thumb/v7e-m+fp/hard/crti.o
 .ARM.attributes
                0x000000000000001e       0x34 E:/CubeIDE/STM32CubeIDE_1.14.0/STM32CubeIDE/plugins/com.st.stm32cube.ide.mcu.externaltools.gnu-tools-for-stm32.11.3.rel1.win32_1.1.100.202309141235/tools/bin/../lib/gcc/arm-none-eabi/11.3.1/thumb/v7e-m+fp/hard/crtbegin.o
 .ARM.attributes
                0x0000000000000052       0x34 ./Core/Src/main.o
 .ARM.attributes
                0x0000000000000086       0x34 ./Core/Src/stm32f4xx_hal_msp.o
 .ARM.attributes
                0x00000000000000ba       0x34 ./Core/Src/stm32f4xx_it.o
 .ARM.attributes
                0x00000000000000ee       0x34 ./Core/Src/system_stm32f4xx.o
 .ARM.attributes
                0x0000000000000122       0x21 ./Core/Startup/startup_stm32f407vgtx.o
 .ARM.attributes
                0x0000000000000143       0x34 ./Drivers/STM32F4xx_HAL_Driver/Src/stm32f4xx_hal.o
 .ARM.attributes
                0x0000000000000177       0x34 ./Drivers/STM32F4xx_HAL_Driver/Src/stm32f4xx_hal_cortex.o
 .ARM.attributes
                0x00000000000001ab       0x34 ./Drivers/STM32F4xx_HAL_Driver/Src/stm32f4xx_hal_flash.o
 .ARM.attributes
                0x00000000000001df       0x34 ./Drivers/STM32F4xx_HAL_Driver/Src/stm32f4xx_hal_flash_ex.o
 .ARM.attributes
                0x0000000000000213       0x34 ./Drivers/STM32F4xx_HAL_Driver/Src/stm32f4xx_hal_gpio.o
 .ARM.attributes
                0x0000000000000247       0x34 ./Drivers/STM32F4xx_HAL_Driver/Src/stm32f4xx_hal_rcc.o
 .ARM.attributes
                0x000000000000027b       0x34 ./FATFS/App/fatfs.o
 .ARM.attributes
                0x00000000000002af       0x34 ./FATFS/Target/user_diskio.o
 .ARM.attributes
                0x00000000000002e3       0x34 ./Middlewares/Third_Party/FatFs/src/diskio.o
 .ARM.attributes
                0x0000000000000317       0x34 ./Middlewares/Third_Party/FatFs/src/ff.o
 .ARM.attributes
                0x000000000000034b       0x34 ./Middlewares/Third_Party/FatFs/src/ff_gen_drv.o
 .ARM.attributes
                0x000000000000037f       0x34 E:/CubeIDE/STM32CubeIDE_1.14.0/STM32CubeIDE/plugins/com.st.stm32cube.ide.mcu.externaltools.gnu-tools-for-stm32.11.3.rel1.win32_1.1.100.202309141235/tools/bin/../lib/gcc/arm-none-eabi/11.3.1/../../../../arm-none-eabi/lib/thumb/v7e-m+fp/hard\libc_nano.a(libc_a-memset.o)
 .ARM.attributes
                0x00000000000003b3       0x34 E:/CubeIDE/STM32CubeIDE_1.14.0/STM32CubeIDE/plugins/com.st.stm32cube.ide.mcu.externaltools.gnu-tools-for-stm32.11.3.rel1.win32_1.1.100.202309141235/tools/bin/../lib/gcc/arm-none-eabi/11.3.1/../../../../arm-none-eabi/lib/thumb/v7e-m+fp/hard\libc_nano.a(libc_a-init.o)
 .ARM.attributes
                0x00000000000003e7       0x34 E:/CubeIDE/STM32CubeIDE_1.14.0/STM32CubeIDE/plugins/com.st.stm32cube.ide.mcu.externaltools.gnu-tools-for-stm32.11.3.rel1.win32_1.1.100.202309141235/tools/bin/../lib/gcc/arm-none-eabi/11.3.1/../../../../arm-none-eabi/lib/thumb/v7e-m+fp/hard\libc_nano.a(libc_a-memcpy-stub.o)
 .ARM.attributes
                0x000000000000041b       0x17 E:/CubeIDE/STM32CubeIDE_1.14.0/STM32CubeIDE/plugins/com.st.stm32cube.ide.mcu.externaltools.gnu-tools-for-stm32.11.3.rel1.win32_1.1.100.202309141235/tools/bin/../lib/gcc/arm-none-eabi/11.3.1/../../../../arm-none-eabi/lib/thumb/v7e-m+fp/hard\libc_nano.a(libc_a-strlen.o)
 .ARM.attributes
                0x0000000000000432       0x1e E:/CubeIDE/STM32CubeIDE_1.14.0/STM32CubeIDE/plugins/com.st.stm32cube.ide.mcu.externaltools.gnu-tools-for-stm32.11.3.rel1.win32_1.1.100.202309141235/tools/bin/../lib/gcc/arm-none-eabi/11.3.1/thumb/v7e-m+fp/hard\libgcc.a(_aeabi_uldivmod.o)
 .ARM.attributes
                0x0000000000000450       0x34 E:/CubeIDE/STM32CubeIDE_1.14.0/STM32CubeIDE/plugins/com.st.stm32cube.ide.mcu.externaltools.gnu-tools-for-stm32.11.3.rel1.win32_1.1.100.202309141235/tools/bin/../lib/gcc/arm-none-eabi/11.3.1/thumb/v7e-m+fp/hard\libgcc.a(_udivmoddi4.o)
 .ARM.attributes
                0x0000000000000484       0x1e E:/CubeIDE/STM32CubeIDE_1.14.0/STM32CubeIDE/plugins/com.st.stm32cube.ide.mcu.externaltools.gnu-tools-for-stm32.11.3.rel1.win32_1.1.100.202309141235/tools/bin/../lib/gcc/arm-none-eabi/11.3.1/thumb/v7e-m+fp/hard\libgcc.a(_dvmd_tls.o)
 .ARM.attributes
                0x00000000000004a2       0x1e E:/CubeIDE/STM32CubeIDE_1.14.0/STM32CubeIDE/plugins/com.st.stm32cube.ide.mcu.externaltools.gnu-tools-for-stm32.11.3.rel1.win32_1.1.100.202309141235/tools/bin/../lib/gcc/arm-none-eabi/11.3.1/thumb/v7e-m+fp/hard/crtn.o
OUTPUT(RAM_fat_fs.elf elf32-littlearm)
LOAD linker stubs
LOAD E:/CubeIDE/STM32CubeIDE_1.14.0/STM32CubeIDE/plugins/com.st.stm32cube.ide.mcu.externaltools.gnu-tools-for-stm32.11.3.rel1.win32_1.1.100.202309141235/tools/bin/../lib/gcc/arm-none-eabi/11.3.1/../../../../arm-none-eabi/lib/thumb/v7e-m+fp/hard\libc.a
LOAD E:/CubeIDE/STM32CubeIDE_1.14.0/STM32CubeIDE/plugins/com.st.stm32cube.ide.mcu.externaltools.gnu-tools-for-stm32.11.3.rel1.win32_1.1.100.202309141235/tools/bin/../lib/gcc/arm-none-eabi/11.3.1/../../../../arm-none-eabi/lib/thumb/v7e-m+fp/hard\libm.a
LOAD E:/CubeIDE/STM32CubeIDE_1.14.0/STM32CubeIDE/plugins/com.st.stm32cube.ide.mcu.externaltools.gnu-tools-for-stm32.11.3.rel1.win32_1.1.100.202309141235/tools/bin/../lib/gcc/arm-none-eabi/11.3.1/thumb/v7e-m+fp/hard\libgcc.a

.comment        0x0000000000000000       0x43
 .comment       0x0000000000000000       0x43 E:/CubeIDE/STM32CubeIDE_1.14.0/STM32CubeIDE/plugins/com.st.stm32cube.ide.mcu.externaltools.gnu-tools-for-stm32.11.3.rel1.win32_1.1.100.202309141235/tools/bin/../lib/gcc/arm-none-eabi/11.3.1/thumb/v7e-m+fp/hard/crtbegin.o
                                         0x44 (size before relaxing)
 .comment       0x0000000000000043       0x44 ./Core/Src/main.o
 .comment       0x0000000000000043       0x44 ./Core/Src/stm32f4xx_hal_msp.o
 .comment       0x0000000000000043       0x44 ./Core/Src/stm32f4xx_it.o
 .comment       0x0000000000000043       0x44 ./Core/Src/system_stm32f4xx.o
 .comment       0x0000000000000043       0x44 ./Drivers/STM32F4xx_HAL_Driver/Src/stm32f4xx_hal.o
 .comment       0x0000000000000043       0x44 ./Drivers/STM32F4xx_HAL_Driver/Src/stm32f4xx_hal_cortex.o
 .comment       0x0000000000000043       0x44 ./Drivers/STM32F4xx_HAL_Driver/Src/stm32f4xx_hal_flash.o
 .comment       0x0000000000000043       0x44 ./Drivers/STM32F4xx_HAL_Driver/Src/stm32f4xx_hal_flash_ex.o
 .comment       0x0000000000000043       0x44 ./Drivers/STM32F4xx_HAL_Driver/Src/stm32f4xx_hal_gpio.o
 .comment       0x0000000000000043       0x44 ./Drivers/STM32F4xx_HAL_Driver/Src/stm32f4xx_hal_rcc.o
 .comment       0x0000000000000043       0x44 ./FATFS/App/fatfs.o
 .comment       0x0000000000000043       0x44 ./FATFS/Target/user_diskio.o
 .comment       0x0000000000000043       0x44 ./Middlewares/Third_Party/FatFs/src/diskio.o
 .comment       0x0000000000000043       0x44 ./Middlewares/Third_Party/FatFs/src/ff.o
 .comment       0x0000000000000043       0x44 ./Middlewares/Third_Party/FatFs/src/ff_gen_drv.o

.debug_info     0x0000000000000000     0x7dba
 .debug_info    0x0000000000000000      0x767 ./Core/Src/main.o
 .debug_info    0x0000000000000767      0x27c ./Core/Src/stm32f4xx_hal_msp.o
 .debug_info    0x00000000000009e3      0x112 ./Core/Src/stm32f4xx_it.o
 .debug_info    0x0000000000000af5      0x512 ./Core/Src/system_stm32f4xx.o
 .debug_info    0x0000000000001007       0x23 ./Core/Startup/startup_stm32f407vgtx.o
 .debug_info    0x000000000000102a      0x944 ./Drivers/STM32F4xx_HAL_Driver/Src/stm32f4xx_hal.o
 .debug_info    0x000000000000196e      0xd57 ./Drivers/STM32F4xx_HAL_Driver/Src/stm32f4xx_hal_cortex.o
 .debug_info    0x00000000000026c5      0x57d ./Drivers/STM32F4xx_HAL_Driver/Src/stm32f4xx_hal_flash.o
 .debug_info    0x0000000000002c42      0x67f ./Drivers/STM32F4xx_HAL_Driver/Src/stm32f4xx_hal_flash_ex.o
 .debug_info    0x00000000000032c1      0x6c3 ./Drivers/STM32F4xx_HAL_Driver/Src/stm32f4xx_hal_gpio.o
 .debug_info    0x0000000000003984      0x8b1 ./Drivers/STM32F4xx_HAL_Driver/Src/stm32f4xx_hal_rcc.o
 .debug_info    0x0000000000004235      0xee4 ./FATFS/App/fatfs.o
 .debug_info    0x0000000000005119      0x366 ./FATFS/Target/user_diskio.o
 .debug_info    0x000000000000547f      0x3df ./Middlewares/Third_Party/FatFs/src/diskio.o
 .debug_info    0x000000000000585e     0x21dd ./Middlewares/Third_Party/FatFs/src/ff.o
 .debug_info    0x0000000000007a3b      0x37f ./Middlewares/Third_Party/FatFs/src/ff_gen_drv.o

.debug_abbrev   0x0000000000000000     0x1d84
 .debug_abbrev  0x0000000000000000      0x243 ./Core/Src/main.o
 .debug_abbrev  0x0000000000000243       0xf4 ./Core/Src/stm32f4xx_hal_msp.o
 .debug_abbrev  0x0000000000000337       0x73 ./Core/Src/stm32f4xx_it.o
 .debug_abbrev  0x00000000000003aa      0x11a ./Core/Src/system_stm32f4xx.o
 .debug_abbrev  0x00000000000004c4       0x12 ./Core/Startup/startup_stm32f407vgtx.o
 .debug_abbrev  0x00000000000004d6      0x214 ./Drivers/STM32F4xx_HAL_Driver/Src/stm32f4xx_hal.o
 .debug_abbrev  0x00000000000006ea      0x328 ./Drivers/STM32F4xx_HAL_Driver/Src/stm32f4xx_hal_cortex.o
 .debug_abbrev  0x0000000000000a12      0x28c ./Drivers/STM32F4xx_HAL_Driver/Src/stm32f4xx_hal_flash.o
 .debug_abbrev  0x0000000000000c9e      0x249 ./Drivers/STM32F4xx_HAL_Driver/Src/stm32f4xx_hal_flash_ex.o
 .debug_abbrev  0x0000000000000ee7      0x1d4 ./Drivers/STM32F4xx_HAL_Driver/Src/stm32f4xx_hal_gpio.o
 .debug_abbrev  0x00000000000010bb      0x2b6 ./Drivers/STM32F4xx_HAL_Driver/Src/stm32f4xx_hal_rcc.o
 .debug_abbrev  0x0000000000001371      0x2fa ./FATFS/App/fatfs.o
 .debug_abbrev  0x000000000000166b      0x177 ./FATFS/Target/user_diskio.o
 .debug_abbrev  0x00000000000017e2      0x181 ./Middlewares/Third_Party/FatFs/src/diskio.o
 .debug_abbrev  0x0000000000001963      0x282 ./Middlewares/Third_Party/FatFs/src/ff.o
 .debug_abbrev  0x0000000000001be5      0x19f ./Middlewares/Third_Party/FatFs/src/ff_gen_drv.o

.debug_aranges  0x0000000000000000      0x878
 .debug_aranges
                0x0000000000000000       0x38 ./Core/Src/main.o
 .debug_aranges
                0x0000000000000038       0x20 ./Core/Src/stm32f4xx_hal_msp.o
 .debug_aranges
                0x0000000000000058       0x60 ./Core/Src/stm32f4xx_it.o
 .debug_aranges
                0x00000000000000b8       0x28 ./Core/Src/system_stm32f4xx.o
 .debug_aranges
                0x00000000000000e0       0x28 ./Core/Startup/startup_stm32f407vgtx.o
 .debug_aranges
                0x0000000000000108       0xf0 ./Drivers/STM32F4xx_HAL_Driver/Src/stm32f4xx_hal.o
 .debug_aranges
                0x00000000000001f8      0x120 ./Drivers/STM32F4xx_HAL_Driver/Src/stm32f4xx_hal_cortex.o
 .debug_aranges
                0x0000000000000318       0xa0 ./Drivers/STM32F4xx_HAL_Driver/Src/stm32f4xx_hal_flash.o
 .debug_aranges
                0x00000000000003b8       0x98 ./Drivers/STM32F4xx_HAL_Driver/Src/stm32f4xx_hal_flash_ex.o
 .debug_aranges
                0x0000000000000450       0x58 ./Drivers/STM32F4xx_HAL_Driver/Src/stm32f4xx_hal_gpio.o
 .debug_aranges
                0x00000000000004a8       0x88 ./Drivers/STM32F4xx_HAL_Driver/Src/stm32f4xx_hal_rcc.o
 .debug_aranges
                0x0000000000000530       0x78 ./FATFS/App/fatfs.o
 .debug_aranges
                0x00000000000005a8       0x40 ./FATFS/Target/user_diskio.o
 .debug_aranges
                0x00000000000005e8       0x48 ./Middlewares/Third_Party/FatFs/src/diskio.o
 .debug_aranges
                0x0000000000000630      0x208 ./Middlewares/Third_Party/FatFs/src/ff.o
 .debug_aranges
                0x0000000000000838       0x40 ./Middlewares/Third_Party/FatFs/src/ff_gen_drv.o

.debug_rnglists
                0x0000000000000000      0x66f
 .debug_rnglists
                0x0000000000000000       0x28 ./Core/Src/main.o
 .debug_rnglists
                0x0000000000000028       0x13 ./Core/Src/stm32f4xx_hal_msp.o
 .debug_rnglists
                0x000000000000003b       0x43 ./Core/Src/stm32f4xx_it.o
 .debug_rnglists
                0x000000000000007e       0x1a ./Core/Src/system_stm32f4xx.o
 .debug_rnglists
                0x0000000000000098       0x19 ./Core/Startup/startup_stm32f407vgtx.o
 .debug_rnglists
                0x00000000000000b1       0xaf ./Drivers/STM32F4xx_HAL_Driver/Src/stm32f4xx_hal.o
 .debug_rnglists
                0x0000000000000160       0xd4 ./Drivers/STM32F4xx_HAL_Driver/Src/stm32f4xx_hal_cortex.o
 .debug_rnglists
                0x0000000000000234       0x78 ./Drivers/STM32F4xx_HAL_Driver/Src/stm32f4xx_hal_flash.o
 .debug_rnglists
                0x00000000000002ac       0x72 ./Drivers/STM32F4xx_HAL_Driver/Src/stm32f4xx_hal_flash_ex.o
 .debug_rnglists
                0x000000000000031e       0x3f ./Drivers/STM32F4xx_HAL_Driver/Src/stm32f4xx_hal_gpio.o
 .debug_rnglists
                0x000000000000035d       0x66 ./Drivers/STM32F4xx_HAL_Driver/Src/stm32f4xx_hal_rcc.o
 .debug_rnglists
                0x00000000000003c3       0x82 ./FATFS/App/fatfs.o
 .debug_rnglists
                0x0000000000000445       0x2b ./FATFS/Target/user_diskio.o
 .debug_rnglists
                0x0000000000000470       0x31 ./Middlewares/Third_Party/FatFs/src/diskio.o
 .debug_rnglists
                0x00000000000004a1      0x1a2 ./Middlewares/Third_Party/FatFs/src/ff.o
 .debug_rnglists
                0x0000000000000643       0x2c ./Middlewares/Third_Party/FatFs/src/ff_gen_drv.o

.debug_macro    0x0000000000000000    0x2132c
 .debug_macro   0x0000000000000000      0x2de ./Core/Src/main.o
 .debug_macro   0x00000000000002de      0xaa8 ./Core/Src/main.o
 .debug_macro   0x0000000000000d86      0x28f ./Core/Src/main.o
 .debug_macro   0x0000000000001015       0x2e ./Core/Src/main.o
 .debug_macro   0x0000000000001043       0x2f ./Core/Src/main.o
 .debug_macro   0x0000000000001072       0x22 ./Core/Src/main.o
 .debug_macro   0x0000000000001094       0x8e ./Core/Src/main.o
 .debug_macro   0x0000000000001122       0x51 ./Core/Src/main.o
 .debug_macro   0x0000000000001173      0x103 ./Core/Src/main.o
 .debug_macro   0x0000000000001276       0x6a ./Core/Src/main.o
 .debug_macro   0x00000000000012e0      0x1df ./Core/Src/main.o
 .debug_macro   0x00000000000014bf       0x1c ./Core/Src/main.o
 .debug_macro   0x00000000000014db       0x22 ./Core/Src/main.o
 .debug_macro   0x00000000000014fd       0xfb ./Core/Src/main.o
 .debug_macro   0x00000000000015f8     0x1011 ./Core/Src/main.o
 .debug_macro   0x0000000000002609      0x11f ./Core/Src/main.o
 .debug_macro   0x0000000000002728    0x15e97 ./Core/Src/main.o
 .debug_macro   0x00000000000185bf       0x6d ./Core/Src/main.o
 .debug_macro   0x000000000001862c     0x368c ./Core/Src/main.o
 .debug_macro   0x000000000001bcb8      0x174 ./Core/Src/main.o
 .debug_macro   0x000000000001be2c       0x5c ./Core/Src/main.o
 .debug_macro   0x000000000001be88      0x980 ./Core/Src/main.o
 .debug_macro   0x000000000001c808      0x9e9 ./Core/Src/main.o
 .debug_macro   0x000000000001d1f1      0x115 ./Core/Src/main.o
 .debug_macro   0x000000000001d306      0x13e ./Core/Src/main.o
 .debug_macro   0x000000000001d444       0xa5 ./Core/Src/main.o
 .debug_macro   0x000000000001d4e9      0x174 ./Core/Src/main.o
 .debug_macro   0x000000000001d65d      0x287 ./Core/Src/main.o
 .debug_macro   0x000000000001d8e4       0x5f ./Core/Src/main.o
 .debug_macro   0x000000000001d943      0x236 ./Core/Src/main.o
 .debug_macro   0x000000000001db79      0x12c ./Core/Src/main.o
 .debug_macro   0x000000000001dca5      0x21e ./Core/Src/main.o
 .debug_macro   0x000000000001dec3       0x2e ./Core/Src/main.o
 .debug_macro   0x000000000001def1      0x127 ./Core/Src/main.o
 .debug_macro   0x000000000001e018       0x7e ./Core/Src/main.o
 .debug_macro   0x000000000001e096       0x89 ./Core/Src/main.o
 .debug_macro   0x000000000001e11f      0x12d ./Core/Src/main.o
 .debug_macro   0x000000000001e24c      0x190 ./Core/Src/main.o
 .debug_macro   0x000000000001e3dc       0xeb ./Core/Src/main.o
 .debug_macro   0x000000000001e4c7       0x2a ./Core/Src/main.o
 .debug_macro   0x000000000001e4f1       0x61 ./Core/Src/main.o
 .debug_macro   0x000000000001e552       0x43 ./Core/Src/main.o
 .debug_macro   0x000000000001e595       0x34 ./Core/Src/main.o
 .debug_macro   0x000000000001e5c9       0x16 ./Core/Src/main.o
 .debug_macro   0x000000000001e5df       0x35 ./Core/Src/main.o
 .debug_macro   0x000000000001e614       0x16 ./Core/Src/main.o
 .debug_macro   0x000000000001e62a       0x43 ./Core/Src/main.o
 .debug_macro   0x000000000001e66d       0x34 ./Core/Src/main.o
 .debug_macro   0x000000000001e6a1       0x10 ./Core/Src/main.o
 .debug_macro   0x000000000001e6b1       0x58 ./Core/Src/main.o
 .debug_macro   0x000000000001e709       0x8e ./Core/Src/main.o
 .debug_macro   0x000000000001e797       0x1c ./Core/Src/main.o
 .debug_macro   0x000000000001e7b3      0x177 ./Core/Src/main.o
 .debug_macro   0x000000000001e92a      0x369 ./Core/Src/main.o
 .debug_macro   0x000000000001ec93       0x16 ./Core/Src/main.o
 .debug_macro   0x000000000001eca9       0x29 ./Core/Src/main.o
 .debug_macro   0x000000000001ecd2       0x12 ./Core/Src/main.o
 .debug_macro   0x000000000001ece4       0xe2 ./Core/Src/main.o
 .debug_macro   0x000000000001edc6       0x8e ./Core/Src/main.o
 .debug_macro   0x000000000001ee54      0x1bf ./Core/Src/stm32f4xx_hal_msp.o
 .debug_macro   0x000000000001f013      0x1c9 ./Core/Src/stm32f4xx_it.o
 .debug_macro   0x000000000001f1dc      0x1b0 ./Core/Src/system_stm32f4xx.o
 .debug_macro   0x000000000001f38c      0x210 ./Drivers/STM32F4xx_HAL_Driver/Src/stm32f4xx_hal.o
 .debug_macro   0x000000000001f59c      0x1b0 ./Drivers/STM32F4xx_HAL_Driver/Src/stm32f4xx_hal_cortex.o
 .debug_macro   0x000000000001f74c      0x1b6 ./Drivers/STM32F4xx_HAL_Driver/Src/stm32f4xx_hal_flash.o
 .debug_macro   0x000000000001f902      0x1b6 ./Drivers/STM32F4xx_HAL_Driver/Src/stm32f4xx_hal_flash_ex.o
 .debug_macro   0x000000000001fab8      0x1b6 ./Drivers/STM32F4xx_HAL_Driver/Src/stm32f4xx_hal_gpio.o
 .debug_macro   0x000000000001fc6e      0x1d4 ./Drivers/STM32F4xx_HAL_Driver/Src/stm32f4xx_hal_rcc.o
 .debug_macro   0x000000000001fe42      0x30e ./FATFS/App/fatfs.o
 .debug_macro   0x0000000000020150       0xe5 ./FATFS/App/fatfs.o
 .debug_macro   0x0000000000020235      0x30d ./FATFS/Target/user_diskio.o
 .debug_macro   0x0000000000020542       0x10 ./FATFS/Target/user_diskio.o
 .debug_macro   0x0000000000020552       0x20 ./FATFS/Target/user_diskio.o
 .debug_macro   0x0000000000020572       0x16 ./FATFS/Target/user_diskio.o
 .debug_macro   0x0000000000020588       0x7c ./FATFS/Target/user_diskio.o
 .debug_macro   0x0000000000020604       0x56 ./FATFS/Target/user_diskio.o
 .debug_macro   0x000000000002065a      0x2d1 ./Middlewares/Third_Party/FatFs/src/diskio.o
 .debug_macro   0x000000000002092b      0x6d8 ./Middlewares/Third_Party/FatFs/src/ff.o
 .debug_macro   0x0000000000021003       0x58 ./Middlewares/Third_Party/FatFs/src/ff.o
 .debug_macro   0x000000000002105b      0x2d1 ./Middlewares/Third_Party/FatFs/src/ff_gen_drv.o

.debug_line     0x0000000000000000     0xc7fc
 .debug_line    0x0000000000000000      0xb33 ./Core/Src/main.o
 .debug_line    0x0000000000000b33      0x6eb ./Core/Src/stm32f4xx_hal_msp.o
 .debug_line    0x000000000000121e      0x7ac ./Core/Src/stm32f4xx_it.o
 .debug_line    0x00000000000019ca      0x76b ./Core/Src/system_stm32f4xx.o
 .debug_line    0x0000000000002135       0x7a ./Core/Startup/startup_stm32f407vgtx.o
 .debug_line    0x00000000000021af      0x9d1 ./Drivers/STM32F4xx_HAL_Driver/Src/stm32f4xx_hal.o
 .debug_line    0x0000000000002b80      0xc9d ./Drivers/STM32F4xx_HAL_Driver/Src/stm32f4xx_hal_cortex.o
 .debug_line    0x000000000000381d      0xa66 ./Drivers/STM32F4xx_HAL_Driver/Src/stm32f4xx_hal_flash.o
 .debug_line    0x0000000000004283      0xa7f ./Drivers/STM32F4xx_HAL_Driver/Src/stm32f4xx_hal_flash_ex.o
 .debug_line    0x0000000000004d02      0xb45 ./Drivers/STM32F4xx_HAL_Driver/Src/stm32f4xx_hal_gpio.o
 .debug_line    0x0000000000005847      0xd4a ./Drivers/STM32F4xx_HAL_Driver/Src/stm32f4xx_hal_rcc.o
 .debug_line    0x0000000000006591      0xe59 ./FATFS/App/fatfs.o
 .debug_line    0x00000000000073ea      0xa5c ./FATFS/Target/user_diskio.o
 .debug_line    0x0000000000007e46      0xa39 ./Middlewares/Third_Party/FatFs/src/diskio.o
 .debug_line    0x000000000000887f     0x3529 ./Middlewares/Third_Party/FatFs/src/ff.o
 .debug_line    0x000000000000bda8      0xa54 ./Middlewares/Third_Party/FatFs/src/ff_gen_drv.o

.debug_str      0x0000000000000000    0xc1d3a
 .debug_str     0x0000000000000000    0xbecd4 ./Core/Src/main.o
                                      0xbef7c (size before relaxing)
 .debug_str     0x00000000000becd4       0x49 ./Core/Src/stm32f4xx_hal_msp.o
                                      0xbb4ff (size before relaxing)
 .debug_str     0x00000000000bed1d       0xc9 ./Core/Src/stm32f4xx_it.o
                                      0xbb468 (size before relaxing)
 .debug_str     0x00000000000bede6       0xdb ./Core/Src/system_stm32f4xx.o
                                      0xbaf2d (size before relaxing)
 .debug_str     0x00000000000beec1       0x34 ./Core/Startup/startup_stm32f407vgtx.o
                                         0x5b (size before relaxing)
 .debug_str     0x00000000000beef5      0xaea ./Drivers/STM32F4xx_HAL_Driver/Src/stm32f4xx_hal.o
                                      0xbbab1 (size before relaxing)
 .debug_str     0x00000000000bf9df      0x372 ./Drivers/STM32F4xx_HAL_Driver/Src/stm32f4xx_hal_cortex.o
                                      0xbb7fb (size before relaxing)
 .debug_str     0x00000000000bfd51      0x303 ./Drivers/STM32F4xx_HAL_Driver/Src/stm32f4xx_hal_flash.o
                                      0xbb11d (size before relaxing)
 .debug_str     0x00000000000c0054      0x238 ./Drivers/STM32F4xx_HAL_Driver/Src/stm32f4xx_hal_flash_ex.o
                                      0xbb16d (size before relaxing)
 .debug_str     0x00000000000c028c      0x131 ./Drivers/STM32F4xx_HAL_Driver/Src/stm32f4xx_hal_gpio.o
                                      0xbb0a8 (size before relaxing)
 .debug_str     0x00000000000c03bd      0x228 ./Drivers/STM32F4xx_HAL_Driver/Src/stm32f4xx_hal_rcc.o
                                      0xbb361 (size before relaxing)
 .debug_str     0x00000000000c05e5      0x575 ./FATFS/App/fatfs.o
                                      0xbf253 (size before relaxing)
 .debug_str     0x00000000000c0b5a      0x110 ./FATFS/Target/user_diskio.o
                                      0xbed36 (size before relaxing)
 .debug_str     0x00000000000c0c6a       0x52 ./Middlewares/Third_Party/FatFs/src/diskio.o
                                      0xbec87 (size before relaxing)
 .debug_str     0x00000000000c0cbc     0x1000 ./Middlewares/Third_Party/FatFs/src/ff.o
                                      0xbfeea (size before relaxing)
 .debug_str     0x00000000000c1cbc       0x7e ./Middlewares/Third_Party/FatFs/src/ff_gen_drv.o
                                      0xbecd8 (size before relaxing)

.debug_frame    0x0000000000000000     0x20e8
 .debug_frame   0x0000000000000000       0x98 ./Core/Src/main.o
 .debug_frame   0x0000000000000098       0x34 ./Core/Src/stm32f4xx_hal_msp.o
 .debug_frame   0x00000000000000cc      0x104 ./Core/Src/stm32f4xx_it.o
 .debug_frame   0x00000000000001d0       0x58 ./Core/Src/system_stm32f4xx.o
 .debug_frame   0x0000000000000228      0x374 ./Drivers/STM32F4xx_HAL_Driver/Src/stm32f4xx_hal.o
 .debug_frame   0x000000000000059c      0x4b8 ./Drivers/STM32F4xx_HAL_Driver/Src/stm32f4xx_hal_cortex.o
 .debug_frame   0x0000000000000a54      0x274 ./Drivers/STM32F4xx_HAL_Driver/Src/stm32f4xx_hal_flash.o
 .debug_frame   0x0000000000000cc8      0x250 ./Drivers/STM32F4xx_HAL_Driver/Src/stm32f4xx_hal_flash_ex.o
 .debug_frame   0x0000000000000f18      0x14c ./Drivers/STM32F4xx_HAL_Driver/Src/stm32f4xx_hal_gpio.o
 .debug_frame   0x0000000000001064      0x1f4 ./Drivers/STM32F4xx_HAL_Driver/Src/stm32f4xx_hal_rcc.o
 .debug_frame   0x0000000000001258      0x1ec ./FATFS/App/fatfs.o
 .debug_frame   0x0000000000001444       0xd0 ./FATFS/Target/user_diskio.o
 .debug_frame   0x0000000000001514       0xec ./Middlewares/Third_Party/FatFs/src/diskio.o
 .debug_frame   0x0000000000001600      0x94c ./Middlewares/Third_Party/FatFs/src/ff.o
 .debug_frame   0x0000000000001f4c       0xc8 ./Middlewares/Third_Party/FatFs/src/ff_gen_drv.o
 .debug_frame   0x0000000000002014       0x20 E:/CubeIDE/STM32CubeIDE_1.14.0/STM32CubeIDE/plugins/com.st.stm32cube.ide.mcu.externaltools.gnu-tools-for-stm32.11.3.rel1.win32_1.1.100.202309141235/tools/bin/../lib/gcc/arm-none-eabi/11.3.1/../../../../arm-none-eabi/lib/thumb/v7e-m+fp/hard\libc_nano.a(libc_a-memset.o)
 .debug_frame   0x0000000000002034       0x2c E:/CubeIDE/STM32CubeIDE_1.14.0/STM32CubeIDE/plugins/com.st.stm32cube.ide.mcu.externaltools.gnu-tools-for-stm32.11.3.rel1.win32_1.1.100.202309141235/tools/bin/../lib/gcc/arm-none-eabi/11.3.1/../../../../arm-none-eabi/lib/thumb/v7e-m+fp/hard\libc_nano.a(libc_a-init.o)
 .debug_frame   0x0000000000002060       0x28 E:/CubeIDE/STM32CubeIDE_1.14.0/STM32CubeIDE/plugins/com.st.stm32cube.ide.mcu.externaltools.gnu-tools-for-stm32.11.3.rel1.win32_1.1.100.202309141235/tools/bin/../lib/gcc/arm-none-eabi/11.3.1/../../../../arm-none-eabi/lib/thumb/v7e-m+fp/hard\libc_nano.a(libc_a-memcpy-stub.o)
 .debug_frame   0x0000000000002088       0x2c E:/CubeIDE/STM32CubeIDE_1.14.0/STM32CubeIDE/plugins/com.st.stm32cube.ide.mcu.externaltools.gnu-tools-for-stm32.11.3.rel1.win32_1.1.100.202309141235/tools/bin/../lib/gcc/arm-none-eabi/11.3.1/thumb/v7e-m+fp/hard\libgcc.a(_aeabi_uldivmod.o)
 .debug_frame   0x00000000000020b4       0x34 E:/CubeIDE/STM32CubeIDE_1.14.0/STM32CubeIDE/plugins/com.st.stm32cube.ide.mcu.externaltools.gnu-tools-for-stm32.11.3.rel1.win32_1.1.100.202309141235/tools/bin/../lib/gcc/arm-none-eabi/11.3.1/thumb/v7e-m+fp/hard\libgcc.a(_udivmoddi4.o)

.debug_line_str
                0x0000000000000000       0x4f
 .debug_line_str
                0x0000000000000000       0x4f ./Core/Startup/startup_stm32f407vgtx.o
                                         0x67 (size before relaxing)
